== bytes >= 1
00000000,00000100,ioworkload,4242.4242,read,100,"/tmp/ior-golden.txt%(5,O_RDONLY)" | flags=O_RDONLY | {TimeNs:1236567 Syscall:read Family:FS Comm:ioworkload PID:4242 TID:4242 FileName:/tmp/ior-golden.txt DurationNs:100 Bytes:100 RetVal:100 FD:5}
00000900,00000100,ioworkload,4242.4242,write,50,"/tmp/ior-golden.txt%(5,O_RDONLY)" | flags=O_RDONLY | {TimeNs:1237567 Syscall:write Family:FS Comm:ioworkload PID:4242 TID:4242 FileName:/tmp/ior-golden.txt DurationNs:100 GapNs:900 Bytes:50 RetVal:50 FD:5}
00001900,00000100,ioworkload,4242.4242,fgetxattr,42,"/tmp/ior-golden.txt%(5,O_RDONLY)" | flags=O_RDONLY | {TimeNs:1239567 Syscall:fgetxattr Family:FS Comm:ioworkload PID:4242 TID:4242 FileName:/tmp/ior-golden.txt DurationNs:100 GapNs:1900 Bytes:42 RetVal:42 FD:5}
00002900,00000100,ioworkload,4242.4242,fgetxattr,4,"E:name%(77,O_NONE)" | flags=O_NONE | {TimeNs:1242567 Syscall:fgetxattr Family:FS Comm:ioworkload PID:4242 TID:4242 DurationNs:100 GapNs:2900 Bytes:4 RetVal:4 FD:77}
00017900,00000100,ioworkload,4242.4242,read,8,"pidfd:0%(20,O_RDWR)" | flags=O_RDWR | {TimeNs:1260567 Syscall:read Family:FS Comm:ioworkload PID:4242 TID:4242 FileName:pidfd:0 DurationNs:100 GapNs:17900 Bytes:8 RetVal:8 FD:20}
00001900,00000100,ioworkload,4242.4242,read,1,"/tmp/ior-golden.txt%(5,O_RDONLY|O_CLOEXEC)" | flags=O_RDONLY|O_CLOEXEC | {TimeNs:1262567 Syscall:read Family:FS Comm:ioworkload PID:4242 TID:4242 FileName:/tmp/ior-golden.txt DurationNs:100 GapNs:1900 Bytes:1 RetVal:1 FD:5}
00003900,00000100,ioworkload,4242.4242,write,3,"epollfd:524288%(12,O_RDWR|O_CLOEXEC)" | flags=O_RDWR|O_CLOEXEC | {TimeNs:1266567 Syscall:write Family:FS Comm:ioworkload PID:4242 TID:4242 FileName:epollfd:524288 DurationNs:100 GapNs:3900 Bytes:3 RetVal:3 FD:12}
counters: tracepoints=73 mismatches=0 syscalls=36 afterFilter=0
== comm
00000000,00000100,ioworkload,4242.4242,openat,5,"/tmp/ior-golden.txt%(5,O_RDONLY)" | flags=O_RDONLY | {TimeNs:1235567 Syscall:openat Family:FS Comm:ioworkload PID:4242 TID:4242 FileName:/tmp/ior-golden.txt DurationNs:100 RetVal:5 FD:5}
00000900,00000100,ioworkload,4242.4242,read,100,"/tmp/ior-golden.txt%(5,O_RDONLY)" | flags=O_RDONLY | {TimeNs:1236567 Syscall:read Family:FS Comm:ioworkload PID:4242 TID:4242 FileName:/tmp/ior-golden.txt DurationNs:100 GapNs:900 Bytes:100 RetVal:100 FD:5}
00000900,00000100,ioworkload,4242.4242,write,50,"/tmp/ior-golden.txt%(5,O_RDONLY)" | flags=O_RDONLY | {TimeNs:1237567 Syscall:write Family:FS Comm:ioworkload PID:4242 TID:4242 FileName:/tmp/ior-golden.txt DurationNs:100 GapNs:900 Bytes:50 RetVal:50 FD:5}
00000900,00000100,ioworkload,4242.4242,fgetxattr,42,"/tmp/ior-golden.txt%(5,O_RDONLY)" | flags=O_RDONLY | {TimeNs:1238567 Syscall:fgetxattr Family:FS Comm:ioworkload PID:4242 TID:4242 FileName:/tmp/ior-golden.txt DurationNs:100 GapNs:900 RetVal:42 FD:5}
00000900,00000100,ioworkload,4242.4242,fgetxattr,42,"/tmp/ior-golden.txt%(5,O_RDONLY)" | flags=O_RDONLY | {TimeNs:1239567 Syscall:fgetxattr Family:FS Comm:ioworkload PID:4242 TID:4242 FileName:/tmp/ior-golden.txt DurationNs:100 GapNs:900 Bytes:42 RetVal:42 FD:5}
00000900,00000100,ioworkload,4242.4242,flistxattr,17,"/tmp/ior-golden.txt%(5,O_RDONLY)" | flags=O_RDONLY | {TimeNs:1240567 Syscall:flistxattr Family:FS Comm:ioworkload PID:4242 TID:4242 FileName:/tmp/ior-golden.txt DurationNs:100 GapNs:900 RetVal:17 FD:5}
00000900,00000100,ioworkload,4242.4242,flistxattr,-34,"/tmp/ior-golden.txt%(5,O_RDONLY)" | flags=O_RDONLY | {TimeNs:1241567 Syscall:flistxattr Family:FS Comm:ioworkload PID:4242 TID:4242 FileName:/tmp/ior-golden.txt DurationNs:100 GapNs:900 RetVal:-34 IsError:true FD:5}
00000900,00000100,ioworkload,4242.4242,fgetxattr,4,"E:name%(77,O_NONE)" | flags=O_NONE | {TimeNs:1242567 Syscall:fgetxattr Family:FS Comm:ioworkload PID:4242 TID:4242 DurationNs:100 GapNs:900 Bytes:4 RetVal:4 FD:77}
00000900,00000100,ioworkload,4242.4242,eventfd2,6,"eventfd:526336%(6,O_RDWR|O_CLOEXEC|O_NONBLOCK)" | flags=O_RDWR|O_CLOEXEC|O_NONBLOCK | {TimeNs:1243567 Syscall:eventfd2 Family:IPC Comm:ioworkload PID:4242 TID:4242 FileName:eventfd:526336 DurationNs:100 GapNs:900 RetVal:6 FD:6}
00000900,00000100,ioworkload,4242.4242,memfd_create,7,"memfd:ior-memfd%(7,O_RDWR|O_CLOEXEC)" | flags=O_RDWR|O_CLOEXEC | {TimeNs:1244567 Syscall:memfd_create Family:IPC Comm:ioworkload PID:4242 TID:4242 FileName:memfd:ior-memfd DurationNs:100 GapNs:900 RetVal:7 FD:7}
00000900,00000100,ioworkload,4242.4242,memfd_create,8,"memfd:ior-recovered-memfd%(8,O_RDWR)" | flags=O_RDWR | {TimeNs:1245567 Syscall:memfd_create Family:IPC Comm:ioworkload PID:4242 TID:4242 FileName:memfd:ior-recovered-memfd DurationNs:100 GapNs:900 RetVal:8 FD:8}
00000900,00000100,ioworkload,4242.4242,memfd_create,9,"memfd:0%(9,O_RDWR)" | flags=O_RDWR | {TimeNs:1246567 Syscall:memfd_create Family:IPC Comm:ioworkload PID:4242 TID:4242 FileName:memfd:0 DurationNs:100 GapNs:900 RetVal:9 FD:9}
00000900,00000100,ioworkload,4242.4242,memfd_create,-1,pathname:memfd:ior-memfd-denied%(O_NONE) | flags=O_NONE | {TimeNs:1247567 Syscall:memfd_create Family:IPC Comm:ioworkload PID:4242 TID:4242 FileName:memfd:ior-memfd-denied DurationNs:100 GapNs:900 RetVal:-1 IsError:true FD:-1}
00000900,00000100,ioworkload,4242.4242,fsopen,10,"fsopen:ext4%(10,O_NONE)" | flags=O_NONE | {TimeNs:1248567 Syscall:fsopen Family:FS Comm:ioworkload PID:4242 TID:4242 FileName:fsopen:ext4 DurationNs:100 GapNs:900 RetVal:10 FD:10}
00000900,00000100,ioworkload,4242.4242,fsopen,-1,N:file | flags=O_RDONLY | {TimeNs:1249567 Syscall:fsopen Family:FS Comm:ioworkload PID:4242 TID:4242 FileName:N:file NoFile:true DurationNs:100 GapNs:900 RetVal:-1 IsError:true FD:-1}
00000900,00000100,ioworkload,4242.4242,pidfd_open,11,"pidfd:0%(11,O_RDWR|O_CLOEXEC)" | flags=O_RDWR|O_CLOEXEC | {TimeNs:1250567 Syscall:pidfd_open Family:IPC Comm:ioworkload PID:4242 TID:4242 FileName:pidfd:0 DurationNs:100 GapNs:900 RetVal:11 FD:11}
00000900,00000100,ioworkload,4242.4242,signalfd4,6,"eventfd:526336%(6,O_RDWR|O_CLOEXEC|O_NONBLOCK)" | flags=O_RDWR|O_CLOEXEC|O_NONBLOCK | {TimeNs:1251567 Syscall:signalfd4 Family:IPC Comm:ioworkload PID:4242 TID:4242 FileName:eventfd:526336 DurationNs:100 GapNs:900 RetVal:6 FD:6}
00000900,00000100,ioworkload,4242.4242,epoll_create1,12,"epollfd:524288%(12,O_RDWR|O_CLOEXEC)" | flags=O_RDWR|O_CLOEXEC | {TimeNs:1252567 Syscall:epoll_create1 Family:Polling Comm:ioworkload PID:4242 TID:4242 FileName:epollfd:524288 DurationNs:100 GapNs:900 RetVal:12 FD:12}
00000900,00000100,ioworkload,4242.4242,fsmount,13,"fsopen:ext4%(13,O_NONE)" | flags=O_NONE | {TimeNs:1253567 Syscall:fsmount Family:FS Comm:ioworkload PID:4242 TID:4242 FileName:fsopen:ext4 DurationNs:100 GapNs:900 RetVal:13 FD:13}
00000900,00000100,ioworkload,4242.4242,kcmp,0,"/tmp/ior-golden.txt%(5,O_RDONLY)" | flags=O_RDONLY | {TimeNs:1254567 Syscall:kcmp Family:Process Comm:ioworkload PID:4242 TID:4242 FileName:/tmp/ior-golden.txt DurationNs:100 GapNs:900 FD:5}
00000900,00000100,ioworkload,4242.4242,kcmp,1,N:file | flags=O_RDONLY | {TimeNs:1255567 Syscall:kcmp Family:Process Comm:ioworkload PID:4242 TID:4242 FileName:N:file NoFile:true DurationNs:100 GapNs:900 RetVal:1 FD:-1}
00000900,00000100,ioworkload,4242.4242,move_mount,0,old:/mnt/ior-src ->new:/mnt/ior-dst%(O_NONE) | flags=O_NONE | {TimeNs:1256567 Syscall:move_mount Family:FS Comm:ioworkload PID:4242 TID:4242 FileName:/mnt/ior-dst DurationNs:100 GapNs:900 FD:-1 OldName:/mnt/ior-src}
00000900,00000100,ioworkload,4242.4242,move_mount,0,old:fsopen:ext4 ->new:/mnt/ior-dst%(O_NONE) | flags=O_NONE | {TimeNs:1257567 Syscall:move_mount Family:FS Comm:ioworkload PID:4242 TID:4242 FileName:/mnt/ior-dst DurationNs:100 GapNs:900 FD:-1 OldName:fsopen:ext4}
00000900,00000100,ioworkload,4242.4242,move_mount,-2,old: ->new:%(O_NONE) | flags=O_NONE | {TimeNs:1258567 Syscall:move_mount Family:FS Comm:ioworkload PID:4242 TID:4242 DurationNs:100 GapNs:900 RetVal:-2 IsError:true FD:-1}
00000900,00000100,ioworkload,4242.4242,dup,20,"pidfd:0%(11,O_RDWR|O_CLOEXEC)" | flags=O_RDWR|O_CLOEXEC | {TimeNs:1259567 Syscall:dup Family:FS Comm:ioworkload PID:4242 TID:4242 FileName:pidfd:0 DurationNs:100 GapNs:900 RetVal:20 FD:11}
00000900,00000100,ioworkload,4242.4242,read,8,"pidfd:0%(20,O_RDWR)" | flags=O_RDWR | {TimeNs:1260567 Syscall:read Family:FS Comm:ioworkload PID:4242 TID:4242 FileName:pidfd:0 DurationNs:100 GapNs:900 Bytes:8 RetVal:8 FD:20}
00000900,00000100,ioworkload,4242.4242,close_range,0,"/tmp/ior-golden.txt%(5,O_RDONLY|O_CLOEXEC)" | flags=O_RDONLY|O_CLOEXEC | {TimeNs:1261567 Syscall:close_range Family:FS Comm:ioworkload PID:4242 TID:4242 FileName:/tmp/ior-golden.txt DurationNs:100 GapNs:900 FD:5}
00000900,00000100,ioworkload,4242.4242,read,1,"/tmp/ior-golden.txt%(5,O_RDONLY|O_CLOEXEC)" | flags=O_RDONLY|O_CLOEXEC | {TimeNs:1262567 Syscall:read Family:FS Comm:ioworkload PID:4242 TID:4242 FileName:/tmp/ior-golden.txt DurationNs:100 GapNs:900 Bytes:1 RetVal:1 FD:5}
00000900,00000100,ioworkload,4242.4242,close_range,0,"/tmp/ior-golden.txt%(5,O_RDONLY|O_CLOEXEC)" | flags=O_RDONLY|O_CLOEXEC | {TimeNs:1263567 Syscall:close_range Family:FS Comm:ioworkload PID:4242 TID:4242 FileName:/tmp/ior-golden.txt DurationNs:100 GapNs:900 FD:5}
00000900,00000100,ioworkload,4242.4242,read,-9,"E:name%(5,O_NONE)" | flags=O_NONE | {TimeNs:1264567 Syscall:read Family:FS Comm:ioworkload PID:4242 TID:4242 DurationNs:100 GapNs:900 RetVal:-9 IsError:true FD:5}
00000900,00000100,ioworkload,4242.4242,read,-9,"E:name%(7,O_NONE)" | flags=O_NONE | {TimeNs:1265567 Syscall:read Family:FS Comm:ioworkload PID:4242 TID:4242 DurationNs:100 GapNs:900 RetVal:-9 IsError:true FD:7}
00000900,00000100,ioworkload,4242.4242,write,3,"epollfd:524288%(12,O_RDWR|O_CLOEXEC)" | flags=O_RDWR|O_CLOEXEC | {TimeNs:1266567 Syscall:write Family:FS Comm:ioworkload PID:4242 TID:4242 FileName:epollfd:524288 DurationNs:100 GapNs:900 Bytes:3 RetVal:3 FD:12}
00000900,00000100,ioworkload,4242.4242,close,0,"E:name%(6,O_NONE)" | flags=O_NONE | {TimeNs:1267567 Syscall:close Family:FS Comm:ioworkload PID:4242 TID:4242 DurationNs:100 GapNs:900 FD:6}
00000900,00000100,ioworkload,4242.4242,read,-9,"E:name%(6,O_NONE)" | flags=O_NONE | {TimeNs:1268567 Syscall:read Family:FS Comm:ioworkload PID:4242 TID:4242 DurationNs:100 GapNs:900 RetVal:-9 IsError:true FD:6}
00000900,00000100,ioworkload,4242.4242,close_range,0,"fsopen:ext4%(10,O_NONE)" | flags=O_NONE | {TimeNs:1269567 Syscall:close_range Family:FS Comm:ioworkload PID:4242 TID:4242 FileName:fsopen:ext4 DurationNs:100 GapNs:900 FD:10}
00000900,00000100,ioworkload,4242.4242,read,-9,"E:name%(13,O_NONE)" | flags=O_NONE | {TimeNs:1270567 Syscall:read Family:FS Comm:ioworkload PID:4242 TID:4242 DurationNs:100 GapNs:900 RetVal:-9 IsError:true FD:13}
counters: tracepoints=73 mismatches=0 syscalls=36 afterFilter=0
== errors only
00000000,00000100,ioworkload,4242.4242,flistxattr,-34,"/tmp/ior-golden.txt%(5,O_RDONLY)" | flags=O_RDONLY | {TimeNs:1241567 Syscall:flistxattr Family:FS Comm:ioworkload PID:4242 TID:4242 FileName:/tmp/ior-golden.txt DurationNs:100 RetVal:-34 IsError:true FD:5}
00005900,00000100,ioworkload,4242.4242,memfd_create,-1,pathname:memfd:ior-memfd-denied%(O_NONE) | flags=O_NONE | {TimeNs:1247567 Syscall:memfd_create Family:IPC Comm:ioworkload PID:4242 TID:4242 FileName:memfd:ior-memfd-denied DurationNs:100 GapNs:5900 RetVal:-1 IsError:true FD:-1}
00001900,00000100,ioworkload,4242.4242,fsopen,-1,N:file | flags=O_RDONLY | {TimeNs:1249567 Syscall:fsopen Family:FS Comm:ioworkload PID:4242 TID:4242 FileName:N:file NoFile:true DurationNs:100 GapNs:1900 RetVal:-1 IsError:true FD:-1}
00008900,00000100,ioworkload,4242.4242,move_mount,-2,old: ->new:%(O_NONE) | flags=O_NONE | {TimeNs:1258567 Syscall:move_mount Family:FS Comm:ioworkload PID:4242 TID:4242 DurationNs:100 GapNs:8900 RetVal:-2 IsError:true FD:-1}
00005900,00000100,ioworkload,4242.4242,read,-9,"E:name%(5,O_NONE)" | flags=O_NONE | {TimeNs:1264567 Syscall:read Family:FS Comm:ioworkload PID:4242 TID:4242 DurationNs:100 GapNs:5900 RetVal:-9 IsError:true FD:5}
00000900,00000100,ioworkload,4242.4242,read,-9,"E:name%(7,O_NONE)" | flags=O_NONE | {TimeNs:1265567 Syscall:read Family:FS Comm:ioworkload PID:4242 TID:4242 DurationNs:100 GapNs:900 RetVal:-9 IsError:true FD:7}
00002900,00000100,ioworkload,4242.4242,read,-9,"E:name%(6,O_NONE)" | flags=O_NONE | {TimeNs:1268567 Syscall:read Family:FS Comm:ioworkload PID:4242 TID:4242 DurationNs:100 GapNs:2900 RetVal:-9 IsError:true FD:6}
00001900,00000100,ioworkload,4242.4242,read,-9,"E:name%(13,O_NONE)" | flags=O_NONE | {TimeNs:1270567 Syscall:read Family:FS Comm:ioworkload PID:4242 TID:4242 DurationNs:100 GapNs:1900 RetVal:-9 IsError:true FD:13}
counters: tracepoints=73 mismatches=0 syscalls=36 afterFilter=0
== fd == 5
00000000,00000100,ioworkload,4242.4242,openat,5,"/tmp/ior-golden.txt%(5,O_RDONLY)" | flags=O_RDONLY | {TimeNs:1235567 Syscall:openat Family:FS Comm:ioworkload PID:4242 TID:4242 FileName:/tmp/ior-golden.txt DurationNs:100 RetVal:5 FD:5}
00000900,00000100,ioworkload,4242.4242,read,100,"/tmp/ior-golden.txt%(5,O_RDONLY)" | flags=O_RDONLY | {TimeNs:1236567 Syscall:read Family:FS Comm:ioworkload PID:4242 TID:4242 FileName:/tmp/ior-golden.txt DurationNs:100 GapNs:900 Bytes:100 RetVal:100 FD:5}
00000900,00000100,ioworkload,4242.4242,write,50,"/tmp/ior-golden.txt%(5,O_RDONLY)" | flags=O_RDONLY | {TimeNs:1237567 Syscall:write Family:FS Comm:ioworkload PID:4242 TID:4242 FileName:/tmp/ior-golden.txt DurationNs:100 GapNs:900 Bytes:50 RetVal:50 FD:5}
00000900,00000100,ioworkload,4242.4242,fgetxattr,42,"/tmp/ior-golden.txt%(5,O_RDONLY)" | flags=O_RDONLY | {TimeNs:1238567 Syscall:fgetxattr Family:FS Comm:ioworkload PID:4242 TID:4242 FileName:/tmp/ior-golden.txt DurationNs:100 GapNs:900 RetVal:42 FD:5}
00000900,00000100,ioworkload,4242.4242,fgetxattr,42,"/tmp/ior-golden.txt%(5,O_RDONLY)" | flags=O_RDONLY | {TimeNs:1239567 Syscall:fgetxattr Family:FS Comm:ioworkload PID:4242 TID:4242 FileName:/tmp/ior-golden.txt DurationNs:100 GapNs:900 Bytes:42 RetVal:42 FD:5}
00000900,00000100,ioworkload,4242.4242,flistxattr,17,"/tmp/ior-golden.txt%(5,O_RDONLY)" | flags=O_RDONLY | {TimeNs:1240567 Syscall:flistxattr Family:FS Comm:ioworkload PID:4242 TID:4242 FileName:/tmp/ior-golden.txt DurationNs:100 GapNs:900 RetVal:17 FD:5}
00000900,00000100,ioworkload,4242.4242,flistxattr,-34,"/tmp/ior-golden.txt%(5,O_RDONLY)" | flags=O_RDONLY | {TimeNs:1241567 Syscall:flistxattr Family:FS Comm:ioworkload PID:4242 TID:4242 FileName:/tmp/ior-golden.txt DurationNs:100 GapNs:900 RetVal:-34 IsError:true FD:5}
00012900,00000100,ioworkload,4242.4242,kcmp,0,"/tmp/ior-golden.txt%(5,O_RDONLY)" | flags=O_RDONLY | {TimeNs:1254567 Syscall:kcmp Family:Process Comm:ioworkload PID:4242 TID:4242 FileName:/tmp/ior-golden.txt DurationNs:100 GapNs:12900 FD:5}
00006900,00000100,ioworkload,4242.4242,close_range,0,"/tmp/ior-golden.txt%(5,O_RDONLY|O_CLOEXEC)" | flags=O_RDONLY|O_CLOEXEC | {TimeNs:1261567 Syscall:close_range Family:FS Comm:ioworkload PID:4242 TID:4242 FileName:/tmp/ior-golden.txt DurationNs:100 GapNs:6900 FD:5}
00000900,00000100,ioworkload,4242.4242,read,1,"/tmp/ior-golden.txt%(5,O_RDONLY|O_CLOEXEC)" | flags=O_RDONLY|O_CLOEXEC | {TimeNs:1262567 Syscall:read Family:FS Comm:ioworkload PID:4242 TID:4242 FileName:/tmp/ior-golden.txt DurationNs:100 GapNs:900 Bytes:1 RetVal:1 FD:5}
00000900,00000100,ioworkload,4242.4242,close_range,0,"/tmp/ior-golden.txt%(5,O_RDONLY|O_CLOEXEC)" | flags=O_RDONLY|O_CLOEXEC | {TimeNs:1263567 Syscall:close_range Family:FS Comm:ioworkload PID:4242 TID:4242 FileName:/tmp/ior-golden.txt DurationNs:100 GapNs:900 FD:5}
00000900,00000100,ioworkload,4242.4242,read,-9,"E:name%(5,O_NONE)" | flags=O_NONE | {TimeNs:1264567 Syscall:read Family:FS Comm:ioworkload PID:4242 TID:4242 DurationNs:100 GapNs:900 RetVal:-9 IsError:true FD:5}
counters: tracepoints=73 mismatches=0 syscalls=36 afterFilter=0
== file golden
00000000,00000100,ioworkload,4242.4242,openat,5,"/tmp/ior-golden.txt%(5,O_RDONLY)" | flags=O_RDONLY | {TimeNs:1235567 Syscall:openat Family:FS Comm:ioworkload PID:4242 TID:4242 FileName:/tmp/ior-golden.txt DurationNs:100 RetVal:5 FD:5}
00000900,00000100,ioworkload,4242.4242,read,100,"/tmp/ior-golden.txt%(5,O_RDONLY)" | flags=O_RDONLY | {TimeNs:1236567 Syscall:read Family:FS Comm:ioworkload PID:4242 TID:4242 FileName:/tmp/ior-golden.txt DurationNs:100 GapNs:900 Bytes:100 RetVal:100 FD:5}
00000900,00000100,ioworkload,4242.4242,write,50,"/tmp/ior-golden.txt%(5,O_RDONLY)" | flags=O_RDONLY | {TimeNs:1237567 Syscall:write Family:FS Comm:ioworkload PID:4242 TID:4242 FileName:/tmp/ior-golden.txt DurationNs:100 GapNs:900 Bytes:50 RetVal:50 FD:5}
00000900,00000100,ioworkload,4242.4242,fgetxattr,42,"/tmp/ior-golden.txt%(5,O_RDONLY)" | flags=O_RDONLY | {TimeNs:1238567 Syscall:fgetxattr Family:FS Comm:ioworkload PID:4242 TID:4242 FileName:/tmp/ior-golden.txt DurationNs:100 GapNs:900 RetVal:42 FD:5}
00000900,00000100,ioworkload,4242.4242,fgetxattr,42,"/tmp/ior-golden.txt%(5,O_RDONLY)" | flags=O_RDONLY | {TimeNs:1239567 Syscall:fgetxattr Family:FS Comm:ioworkload PID:4242 TID:4242 FileName:/tmp/ior-golden.txt DurationNs:100 GapNs:900 Bytes:42 RetVal:42 FD:5}
00000900,00000100,ioworkload,4242.4242,flistxattr,17,"/tmp/ior-golden.txt%(5,O_RDONLY)" | flags=O_RDONLY | {TimeNs:1240567 Syscall:flistxattr Family:FS Comm:ioworkload PID:4242 TID:4242 FileName:/tmp/ior-golden.txt DurationNs:100 GapNs:900 RetVal:17 FD:5}
00000900,00000100,ioworkload,4242.4242,flistxattr,-34,"/tmp/ior-golden.txt%(5,O_RDONLY)" | flags=O_RDONLY | {TimeNs:1241567 Syscall:flistxattr Family:FS Comm:ioworkload PID:4242 TID:4242 FileName:/tmp/ior-golden.txt DurationNs:100 GapNs:900 RetVal:-34 IsError:true FD:5}
00012900,00000100,ioworkload,4242.4242,kcmp,0,"/tmp/ior-golden.txt%(5,O_RDONLY)" | flags=O_RDONLY | {TimeNs:1254567 Syscall:kcmp Family:Process Comm:ioworkload PID:4242 TID:4242 FileName:/tmp/ior-golden.txt DurationNs:100 GapNs:12900 FD:5}
00006900,00000100,ioworkload,4242.4242,close_range,0,"/tmp/ior-golden.txt%(5,O_RDONLY|O_CLOEXEC)" | flags=O_RDONLY|O_CLOEXEC | {TimeNs:1261567 Syscall:close_range Family:FS Comm:ioworkload PID:4242 TID:4242 FileName:/tmp/ior-golden.txt DurationNs:100 GapNs:6900 FD:5}
00000900,00000100,ioworkload,4242.4242,read,1,"/tmp/ior-golden.txt%(5,O_RDONLY|O_CLOEXEC)" | flags=O_RDONLY|O_CLOEXEC | {TimeNs:1262567 Syscall:read Family:FS Comm:ioworkload PID:4242 TID:4242 FileName:/tmp/ior-golden.txt DurationNs:100 GapNs:900 Bytes:1 RetVal:1 FD:5}
00000900,00000100,ioworkload,4242.4242,close_range,0,"/tmp/ior-golden.txt%(5,O_RDONLY|O_CLOEXEC)" | flags=O_RDONLY|O_CLOEXEC | {TimeNs:1263567 Syscall:close_range Family:FS Comm:ioworkload PID:4242 TID:4242 FileName:/tmp/ior-golden.txt DurationNs:100 GapNs:900 FD:5}
counters: tracepoints=73 mismatches=0 syscalls=36 afterFilter=0
== file memfd
00000000,00000100,ioworkload,4242.4242,memfd_create,7,"memfd:ior-memfd%(7,O_RDWR|O_CLOEXEC)" | flags=O_RDWR|O_CLOEXEC | {TimeNs:1244567 Syscall:memfd_create Family:IPC Comm:ioworkload PID:4242 TID:4242 FileName:memfd:ior-memfd DurationNs:100 RetVal:7 FD:7}
00000900,00000100,ioworkload,4242.4242,memfd_create,8,"memfd:ior-recovered-memfd%(8,O_RDWR)" | flags=O_RDWR | {TimeNs:1245567 Syscall:memfd_create Family:IPC Comm:ioworkload PID:4242 TID:4242 FileName:memfd:ior-recovered-memfd DurationNs:100 GapNs:900 RetVal:8 FD:8}
00000900,00000100,ioworkload,4242.4242,memfd_create,9,"memfd:0%(9,O_RDWR)" | flags=O_RDWR | {TimeNs:1246567 Syscall:memfd_create Family:IPC Comm:ioworkload PID:4242 TID:4242 FileName:memfd:0 DurationNs:100 GapNs:900 RetVal:9 FD:9}
00000900,00000100,ioworkload,4242.4242,memfd_create,-1,pathname:memfd:ior-memfd-denied%(O_NONE) | flags=O_NONE | {TimeNs:1247567 Syscall:memfd_create Family:IPC Comm:ioworkload PID:4242 TID:4242 FileName:memfd:ior-memfd-denied DurationNs:100 GapNs:900 RetVal:-1 IsError:true FD:-1}
counters: tracepoints=73 mismatches=0 syscalls=35 afterFilter=0
== file mnt
00000000,00000100,ioworkload,4242.4242,move_mount,0,old:/mnt/ior-src ->new:/mnt/ior-dst%(O_NONE) | flags=O_NONE | {TimeNs:1256567 Syscall:move_mount Family:FS Comm:ioworkload PID:4242 TID:4242 FileName:/mnt/ior-dst DurationNs:100 FD:-1 OldName:/mnt/ior-src}
00000900,00000100,ioworkload,4242.4242,move_mount,0,old:fsopen:ext4 ->new:/mnt/ior-dst%(O_NONE) | flags=O_NONE | {TimeNs:1257567 Syscall:move_mount Family:FS Comm:ioworkload PID:4242 TID:4242 FileName:/mnt/ior-dst DurationNs:100 GapNs:900 FD:-1 OldName:fsopen:ext4}
counters: tracepoints=73 mismatches=0 syscalls=35 afterFilter=0
== none
00000000,00000100,ioworkload,4242.4242,openat,5,"/tmp/ior-golden.txt%(5,O_RDONLY)" | flags=O_RDONLY | {TimeNs:1235567 Syscall:openat Family:FS Comm:ioworkload PID:4242 TID:4242 FileName:/tmp/ior-golden.txt DurationNs:100 RetVal:5 FD:5}
00000900,00000100,ioworkload,4242.4242,read,100,"/tmp/ior-golden.txt%(5,O_RDONLY)" | flags=O_RDONLY | {TimeNs:1236567 Syscall:read Family:FS Comm:ioworkload PID:4242 TID:4242 FileName:/tmp/ior-golden.txt DurationNs:100 GapNs:900 Bytes:100 RetVal:100 FD:5}
00000900,00000100,ioworkload,4242.4242,write,50,"/tmp/ior-golden.txt%(5,O_RDONLY)" | flags=O_RDONLY | {TimeNs:1237567 Syscall:write Family:FS Comm:ioworkload PID:4242 TID:4242 FileName:/tmp/ior-golden.txt DurationNs:100 GapNs:900 Bytes:50 RetVal:50 FD:5}
00000900,00000100,ioworkload,4242.4242,fgetxattr,42,"/tmp/ior-golden.txt%(5,O_RDONLY)" | flags=O_RDONLY | {TimeNs:1238567 Syscall:fgetxattr Family:FS Comm:ioworkload PID:4242 TID:4242 FileName:/tmp/ior-golden.txt DurationNs:100 GapNs:900 RetVal:42 FD:5}
00000900,00000100,ioworkload,4242.4242,fgetxattr,42,"/tmp/ior-golden.txt%(5,O_RDONLY)" | flags=O_RDONLY | {TimeNs:1239567 Syscall:fgetxattr Family:FS Comm:ioworkload PID:4242 TID:4242 FileName:/tmp/ior-golden.txt DurationNs:100 GapNs:900 Bytes:42 RetVal:42 FD:5}
00000900,00000100,ioworkload,4242.4242,flistxattr,17,"/tmp/ior-golden.txt%(5,O_RDONLY)" | flags=O_RDONLY | {TimeNs:1240567 Syscall:flistxattr Family:FS Comm:ioworkload PID:4242 TID:4242 FileName:/tmp/ior-golden.txt DurationNs:100 GapNs:900 RetVal:17 FD:5}
00000900,00000100,ioworkload,4242.4242,flistxattr,-34,"/tmp/ior-golden.txt%(5,O_RDONLY)" | flags=O_RDONLY | {TimeNs:1241567 Syscall:flistxattr Family:FS Comm:ioworkload PID:4242 TID:4242 FileName:/tmp/ior-golden.txt DurationNs:100 GapNs:900 RetVal:-34 IsError:true FD:5}
00000900,00000100,ioworkload,4242.4242,fgetxattr,4,"E:name%(77,O_NONE)" | flags=O_NONE | {TimeNs:1242567 Syscall:fgetxattr Family:FS Comm:ioworkload PID:4242 TID:4242 DurationNs:100 GapNs:900 Bytes:4 RetVal:4 FD:77}
00000900,00000100,ioworkload,4242.4242,eventfd2,6,"eventfd:526336%(6,O_RDWR|O_CLOEXEC|O_NONBLOCK)" | flags=O_RDWR|O_CLOEXEC|O_NONBLOCK | {TimeNs:1243567 Syscall:eventfd2 Family:IPC Comm:ioworkload PID:4242 TID:4242 FileName:eventfd:526336 DurationNs:100 GapNs:900 RetVal:6 FD:6}
00000900,00000100,ioworkload,4242.4242,memfd_create,7,"memfd:ior-memfd%(7,O_RDWR|O_CLOEXEC)" | flags=O_RDWR|O_CLOEXEC | {TimeNs:1244567 Syscall:memfd_create Family:IPC Comm:ioworkload PID:4242 TID:4242 FileName:memfd:ior-memfd DurationNs:100 GapNs:900 RetVal:7 FD:7}
00000900,00000100,ioworkload,4242.4242,memfd_create,8,"memfd:ior-recovered-memfd%(8,O_RDWR)" | flags=O_RDWR | {TimeNs:1245567 Syscall:memfd_create Family:IPC Comm:ioworkload PID:4242 TID:4242 FileName:memfd:ior-recovered-memfd DurationNs:100 GapNs:900 RetVal:8 FD:8}
00000900,00000100,ioworkload,4242.4242,memfd_create,9,"memfd:0%(9,O_RDWR)" | flags=O_RDWR | {TimeNs:1246567 Syscall:memfd_create Family:IPC Comm:ioworkload PID:4242 TID:4242 FileName:memfd:0 DurationNs:100 GapNs:900 RetVal:9 FD:9}
00000900,00000100,ioworkload,4242.4242,memfd_create,-1,pathname:memfd:ior-memfd-denied%(O_NONE) | flags=O_NONE | {TimeNs:1247567 Syscall:memfd_create Family:IPC Comm:ioworkload PID:4242 TID:4242 FileName:memfd:ior-memfd-denied DurationNs:100 GapNs:900 RetVal:-1 IsError:true FD:-1}
00000900,00000100,ioworkload,4242.4242,fsopen,10,"fsopen:ext4%(10,O_NONE)" | flags=O_NONE | {TimeNs:1248567 Syscall:fsopen Family:FS Comm:ioworkload PID:4242 TID:4242 FileName:fsopen:ext4 DurationNs:100 GapNs:900 RetVal:10 FD:10}
00000900,00000100,ioworkload,4242.4242,fsopen,-1,N:file | flags=O_RDONLY | {TimeNs:1249567 Syscall:fsopen Family:FS Comm:ioworkload PID:4242 TID:4242 FileName:N:file NoFile:true DurationNs:100 GapNs:900 RetVal:-1 IsError:true FD:-1}
00000900,00000100,ioworkload,4242.4242,pidfd_open,11,"pidfd:0%(11,O_RDWR|O_CLOEXEC)" | flags=O_RDWR|O_CLOEXEC | {TimeNs:1250567 Syscall:pidfd_open Family:IPC Comm:ioworkload PID:4242 TID:4242 FileName:pidfd:0 DurationNs:100 GapNs:900 RetVal:11 FD:11}
00000900,00000100,ioworkload,4242.4242,signalfd4,6,"eventfd:526336%(6,O_RDWR|O_CLOEXEC|O_NONBLOCK)" | flags=O_RDWR|O_CLOEXEC|O_NONBLOCK | {TimeNs:1251567 Syscall:signalfd4 Family:IPC Comm:ioworkload PID:4242 TID:4242 FileName:eventfd:526336 DurationNs:100 GapNs:900 RetVal:6 FD:6}
00000900,00000100,ioworkload,4242.4242,epoll_create1,12,"epollfd:524288%(12,O_RDWR|O_CLOEXEC)" | flags=O_RDWR|O_CLOEXEC | {TimeNs:1252567 Syscall:epoll_create1 Family:Polling Comm:ioworkload PID:4242 TID:4242 FileName:epollfd:524288 DurationNs:100 GapNs:900 RetVal:12 FD:12}
00000900,00000100,ioworkload,4242.4242,fsmount,13,"fsopen:ext4%(13,O_NONE)" | flags=O_NONE | {TimeNs:1253567 Syscall:fsmount Family:FS Comm:ioworkload PID:4242 TID:4242 FileName:fsopen:ext4 DurationNs:100 GapNs:900 RetVal:13 FD:13}
00000900,00000100,ioworkload,4242.4242,kcmp,0,"/tmp/ior-golden.txt%(5,O_RDONLY)" | flags=O_RDONLY | {TimeNs:1254567 Syscall:kcmp Family:Process Comm:ioworkload PID:4242 TID:4242 FileName:/tmp/ior-golden.txt DurationNs:100 GapNs:900 FD:5}
00000900,00000100,ioworkload,4242.4242,kcmp,1,N:file | flags=O_RDONLY | {TimeNs:1255567 Syscall:kcmp Family:Process Comm:ioworkload PID:4242 TID:4242 FileName:N:file NoFile:true DurationNs:100 GapNs:900 RetVal:1 FD:-1}
00000900,00000100,ioworkload,4242.4242,move_mount,0,old:/mnt/ior-src ->new:/mnt/ior-dst%(O_NONE) | flags=O_NONE | {TimeNs:1256567 Syscall:move_mount Family:FS Comm:ioworkload PID:4242 TID:4242 FileName:/mnt/ior-dst DurationNs:100 GapNs:900 FD:-1 OldName:/mnt/ior-src}
00000900,00000100,ioworkload,4242.4242,move_mount,0,old:fsopen:ext4 ->new:/mnt/ior-dst%(O_NONE) | flags=O_NONE | {TimeNs:1257567 Syscall:move_mount Family:FS Comm:ioworkload PID:4242 TID:4242 FileName:/mnt/ior-dst DurationNs:100 GapNs:900 FD:-1 OldName:fsopen:ext4}
00000900,00000100,ioworkload,4242.4242,move_mount,-2,old: ->new:%(O_NONE) | flags=O_NONE | {TimeNs:1258567 Syscall:move_mount Family:FS Comm:ioworkload PID:4242 TID:4242 DurationNs:100 GapNs:900 RetVal:-2 IsError:true FD:-1}
00000900,00000100,ioworkload,4242.4242,dup,20,"pidfd:0%(11,O_RDWR|O_CLOEXEC)" | flags=O_RDWR|O_CLOEXEC | {TimeNs:1259567 Syscall:dup Family:FS Comm:ioworkload PID:4242 TID:4242 FileName:pidfd:0 DurationNs:100 GapNs:900 RetVal:20 FD:11}
00000900,00000100,ioworkload,4242.4242,read,8,"pidfd:0%(20,O_RDWR)" | flags=O_RDWR | {TimeNs:1260567 Syscall:read Family:FS Comm:ioworkload PID:4242 TID:4242 FileName:pidfd:0 DurationNs:100 GapNs:900 Bytes:8 RetVal:8 FD:20}
00000900,00000100,ioworkload,4242.4242,close_range,0,"/tmp/ior-golden.txt%(5,O_RDONLY|O_CLOEXEC)" | flags=O_RDONLY|O_CLOEXEC | {TimeNs:1261567 Syscall:close_range Family:FS Comm:ioworkload PID:4242 TID:4242 FileName:/tmp/ior-golden.txt DurationNs:100 GapNs:900 FD:5}
00000900,00000100,ioworkload,4242.4242,read,1,"/tmp/ior-golden.txt%(5,O_RDONLY|O_CLOEXEC)" | flags=O_RDONLY|O_CLOEXEC | {TimeNs:1262567 Syscall:read Family:FS Comm:ioworkload PID:4242 TID:4242 FileName:/tmp/ior-golden.txt DurationNs:100 GapNs:900 Bytes:1 RetVal:1 FD:5}
00000900,00000100,ioworkload,4242.4242,close_range,0,"/tmp/ior-golden.txt%(5,O_RDONLY|O_CLOEXEC)" | flags=O_RDONLY|O_CLOEXEC | {TimeNs:1263567 Syscall:close_range Family:FS Comm:ioworkload PID:4242 TID:4242 FileName:/tmp/ior-golden.txt DurationNs:100 GapNs:900 FD:5}
00000900,00000100,ioworkload,4242.4242,read,-9,"E:name%(5,O_NONE)" | flags=O_NONE | {TimeNs:1264567 Syscall:read Family:FS Comm:ioworkload PID:4242 TID:4242 DurationNs:100 GapNs:900 RetVal:-9 IsError:true FD:5}
00000900,00000100,ioworkload,4242.4242,read,-9,"E:name%(7,O_NONE)" | flags=O_NONE | {TimeNs:1265567 Syscall:read Family:FS Comm:ioworkload PID:4242 TID:4242 DurationNs:100 GapNs:900 RetVal:-9 IsError:true FD:7}
00000900,00000100,ioworkload,4242.4242,write,3,"epollfd:524288%(12,O_RDWR|O_CLOEXEC)" | flags=O_RDWR|O_CLOEXEC | {TimeNs:1266567 Syscall:write Family:FS Comm:ioworkload PID:4242 TID:4242 FileName:epollfd:524288 DurationNs:100 GapNs:900 Bytes:3 RetVal:3 FD:12}
00000900,00000100,ioworkload,4242.4242,close,0,"E:name%(6,O_NONE)" | flags=O_NONE | {TimeNs:1267567 Syscall:close Family:FS Comm:ioworkload PID:4242 TID:4242 DurationNs:100 GapNs:900 FD:6}
00000900,00000100,ioworkload,4242.4242,read,-9,"E:name%(6,O_NONE)" | flags=O_NONE | {TimeNs:1268567 Syscall:read Family:FS Comm:ioworkload PID:4242 TID:4242 DurationNs:100 GapNs:900 RetVal:-9 IsError:true FD:6}
00000900,00000100,ioworkload,4242.4242,close_range,0,"fsopen:ext4%(10,O_NONE)" | flags=O_NONE | {TimeNs:1269567 Syscall:close_range Family:FS Comm:ioworkload PID:4242 TID:4242 FileName:fsopen:ext4 DurationNs:100 GapNs:900 FD:10}
00000900,00000100,ioworkload,4242.4242,read,-9,"E:name%(13,O_NONE)" | flags=O_NONE | {TimeNs:1270567 Syscall:read Family:FS Comm:ioworkload PID:4242 TID:4242 DurationNs:100 GapNs:900 RetVal:-9 IsError:true FD:13}
counters: tracepoints=73 mismatches=0 syscalls=36 afterFilter=0
== syscall xatt
00000000,00000100,ioworkload,4242.4242,fgetxattr,42,"/tmp/ior-golden.txt%(5,O_RDONLY)" | flags=O_RDONLY | {TimeNs:1238567 Syscall:fgetxattr Family:FS Comm:ioworkload PID:4242 TID:4242 FileName:/tmp/ior-golden.txt DurationNs:100 RetVal:42 FD:5}
00000900,00000100,ioworkload,4242.4242,fgetxattr,42,"/tmp/ior-golden.txt%(5,O_RDONLY)" | flags=O_RDONLY | {TimeNs:1239567 Syscall:fgetxattr Family:FS Comm:ioworkload PID:4242 TID:4242 FileName:/tmp/ior-golden.txt DurationNs:100 GapNs:900 Bytes:42 RetVal:42 FD:5}
00000900,00000100,ioworkload,4242.4242,flistxattr,17,"/tmp/ior-golden.txt%(5,O_RDONLY)" | flags=O_RDONLY | {TimeNs:1240567 Syscall:flistxattr Family:FS Comm:ioworkload PID:4242 TID:4242 FileName:/tmp/ior-golden.txt DurationNs:100 GapNs:900 RetVal:17 FD:5}
00000900,00000100,ioworkload,4242.4242,flistxattr,-34,"/tmp/ior-golden.txt%(5,O_RDONLY)" | flags=O_RDONLY | {TimeNs:1241567 Syscall:flistxattr Family:FS Comm:ioworkload PID:4242 TID:4242 FileName:/tmp/ior-golden.txt DurationNs:100 GapNs:900 RetVal:-34 IsError:true FD:5}
00000900,00000100,ioworkload,4242.4242,fgetxattr,4,"E:name%(77,O_NONE)" | flags=O_NONE | {TimeNs:1242567 Syscall:fgetxattr Family:FS Comm:ioworkload PID:4242 TID:4242 DurationNs:100 GapNs:900 Bytes:4 RetVal:4 FD:77}
counters: tracepoints=73 mismatches=0 syscalls=36 afterFilter=0
